// Jest Snapshot v1, https://goo.gl/fbAQLP

exports[`Sudoku Redux Module Test actions Should create actions 1`] = `
Array [
  Object {
    "type": "sudoku/START",
  },
  Object {
    "type": "sudoku/END",
  },
  Object {
    "payload": "easy",
    "type": "sudoku/GET_BOARD",
  },
  Object {
    "payload": Object {
      "board": Array [
        Array [
          0,
          0,
          4,
          0,
          0,
          0,
          0,
          3,
          0,
        ],
        Array [
          2,
          0,
          0,
          0,
          4,
          9,
          0,
          7,
          0,
        ],
        Array [
          0,
          0,
          0,
          3,
          0,
          0,
          1,
          2,
          0,
        ],
        Array [
          1,
          2,
          0,
          4,
          7,
          5,
          8,
          0,
          0,
        ],
        Array [
          4,
          0,
          6,
          8,
          0,
          0,
          3,
          0,
          0,
        ],
        Array [
          0,
          9,
          0,
          0,
          1,
          3,
          4,
          5,
          0,
        ],
        Array [
          0,
          0,
          0,
          5,
          8,
          0,
          0,
          9,
          0,
        ],
        Array [
          0,
          0,
          0,
          0,
          0,
          6,
          2,
          0,
          0,
        ],
        Array [
          9,
          0,
          0,
          7,
          0,
          0,
          5,
          8,
          0,
        ],
      ],
      "solution": Array [
        Array [
          5,
          1,
          4,
          2,
          6,
          7,
          9,
          3,
          8,
        ],
        Array [
          2,
          3,
          8,
          1,
          4,
          9,
          6,
          7,
          5,
        ],
        Array [
          6,
          7,
          9,
          3,
          5,
          8,
          1,
          2,
          4,
        ],
        Array [
          1,
          2,
          3,
          4,
          7,
          5,
          8,
          6,
          9,
        ],
        Array [
          4,
          5,
          6,
          8,
          9,
          2,
          3,
          1,
          7,
        ],
        Array [
          8,
          9,
          7,
          6,
          1,
          3,
          4,
          5,
          2,
        ],
        Array [
          3,
          4,
          2,
          5,
          8,
          1,
          7,
          9,
          6,
        ],
        Array [
          7,
          8,
          5,
          9,
          3,
          6,
          2,
          4,
          1,
        ],
        Array [
          9,
          6,
          1,
          7,
          2,
          4,
          5,
          8,
          3,
        ],
      ],
    },
    "type": "sudoku/SET_BOARD",
  },
  Object {
    "payload": Object {
      "value": 5,
      "x": 0,
      "y": 0,
    },
    "type": "sudoku/UPDATE_BOARD",
  },
]
`;
